// Jest Snapshot v1, https://goo.gl/fbAQLP

exports[`renders correctly 1`] = `
<a
  className="foo"
  href="http://www.facebook.com"
>
  Facebook
</a>
`;
