// Jest Snapshot v1, https://goo.gl/fbAQLP

exports[`#Button renders correctly 1`] = `
<button
  className="base"
>
  Yo Gabba Gabba
</button>
`;
